;  LST file generated by mikroListExporter - v.2.0 
; Date/Time: 8/27/2026 6:23:34 PM
;----------------------------------------------

;Address Opcode 	ASM
0x0000	0x28A3      	GOTO       163
_interrupt:
0x0004	0x00FF      	MOVWF      R15
0x0005	0x0E03      	SWAPF      STATUS, 0
0x0006	0x0183      	CLRF       STATUS
0x0007	0x00B2      	MOVWF      ___saveSTATUS
0x0008	0x080A      	MOVF       PCLATH, 0
0x0009	0x00B1      	MOVWF      ___savePCLATH
0x000A	0x018A      	CLRF       PCLATH
0x000B	0x0870      	MOVF       R0, 0
0x000C	0x00A0      	MOVWF      32
;MyProject.c,43 :: 		void interrupt(){
;MyProject.c,44 :: 		if(TMR0IF_bit){
0x000D	0x1D0B      	BTFSS      TMR0IF_bit, BitPos(TMR0IF_bit+0)
0x000E	0x2821      	GOTO       L_interrupt2
;MyProject.c,45 :: 		TMR0IF_bit = 0 ;
0x000F	0x110B      	BCF        TMR0IF_bit, BitPos(TMR0IF_bit+0)
;MyProject.c,46 :: 		overflow_counter ++ ;
0x0010	0x0AA4      	INCF       _overflow_counter, 1
0x0011	0x1903      	BTFSC      STATUS, 2
0x0012	0x0AA5      	INCF       _overflow_counter+1, 1
;MyProject.c,47 :: 		TMR0 = 12 ;
0x0013	0x300C      	MOVLW      12
0x0014	0x0081      	MOVWF      TMR0
;MyProject.c,48 :: 		if (overflow_counter ==32){
0x0015	0x3000      	MOVLW      0
0x0016	0x0625      	XORWF      _overflow_counter+1, 0
0x0017	0x1D03      	BTFSS      STATUS, 2
0x0018	0x281B      	GOTO       L__interrupt37
0x0019	0x3020      	MOVLW      32
0x001A	0x0624      	XORWF      _overflow_counter, 0
L__interrupt37:
0x001B	0x1D03      	BTFSS      STATUS, 2
0x001C	0x2821      	GOTO       L_interrupt3
;MyProject.c,49 :: 		overflow_counter = 0 ;
0x001D	0x01A4      	CLRF       _overflow_counter
0x001E	0x01A5      	CLRF       _overflow_counter+1
;MyProject.c,50 :: 		second_passed = 1;
0x001F	0x3001      	MOVLW      1
0x0020	0x00B0      	MOVWF      _second_passed
;MyProject.c,51 :: 		}
L_interrupt3:
;MyProject.c,52 :: 		}
L_interrupt2:
;MyProject.c,53 :: 		}
L_end_interrupt:
L__interrupt36:
0x0021	0x0820      	MOVF       32, 0
0x0022	0x00F0      	MOVWF      R0
0x0023	0x0831      	MOVF       ___savePCLATH, 0
0x0024	0x008A      	MOVWF      PCLATH
0x0025	0x0E32      	SWAPF      ___saveSTATUS, 0
0x0026	0x0083      	MOVWF      STATUS
0x0027	0x0EFF      	SWAPF      R15, 1
0x0028	0x0E7F      	SWAPF      R15, 0
0x0029	0x0009      	RETFIE
; end of _interrupt
_Div_8X8_U:
;__Lib_Math.c,189 :: 		
;__Lib_Math.c,196 :: 		
0x002A	0x1283      	BCF        STATUS, 5
;__Lib_Math.c,197 :: 		
0x002B	0x1303      	BCF        STATUS, 6
;__Lib_Math.c,198 :: 		
0x002C	0x01F8      	CLRF       R8
;__Lib_Math.c,199 :: 		
0x002D	0x3008      	MOVLW      8
;__Lib_Math.c,200 :: 		
0x002E	0x00FC      	MOVWF      R12
;__Lib_Math.c,201 :: 		
0x002F	0x0D70      	RLF        R0, 0
;__Lib_Math.c,202 :: 		
0x0030	0x0DF8      	RLF        R8, 1
;__Lib_Math.c,203 :: 		
0x0031	0x0874      	MOVF       R4, 0
;__Lib_Math.c,204 :: 		
0x0032	0x02F8      	SUBWF      R8, 1
;__Lib_Math.c,205 :: 		
0x0033	0x1803      	BTFSC      STATUS, 0
;__Lib_Math.c,206 :: 		
0x0034	0x2837      	GOTO       $+3
;__Lib_Math.c,207 :: 		
0x0035	0x07F8      	ADDWF      R8, 1
;__Lib_Math.c,208 :: 		
0x0036	0x1003      	BCF        STATUS, 0
;__Lib_Math.c,209 :: 		
0x0037	0x0DF0      	RLF        R0, 1
;__Lib_Math.c,210 :: 		
0x0038	0x0BFC      	DECFSZ     R12, 1
;__Lib_Math.c,211 :: 		
0x0039	0x282F      	GOTO       $-10
;__Lib_Math.c,213 :: 		
L_end_Div_8X8_U:
0x003A	0x0008      	RETURN
; end of _Div_8X8_U
_____DoICP:
;__Lib_System.c,6 :: 		
;__Lib_System.c,9 :: 		
0x003B	0x1283      	BCF        STATUS, 5
0x003C	0x1303      	BCF        STATUS, 6
0x003D	0x082F      	MOVF       ___DoICPAddr+1, 0
0x003E	0x008A      	MOVWF      PCLATH
;__Lib_System.c,10 :: 		
0x003F	0x082E      	MOVF       ___DoICPAddr, 0
0x0040	0x0082      	MOVWF      PCL
;__Lib_System.c,12 :: 		
L_end_____DoICP:
0x0041	0x0008      	RETURN
; end of _____DoICP
___CC2DW:
;__Lib_System.c,134 :: 		
;__Lib_System.c,137 :: 		
_CC2D_Loop1:
;__Lib_System.c,139 :: 		
0x0042	0x203B      	CALL       _____DoICP
0x0043	0x118A      	BCF        PCLATH, 3
0x0044	0x120A      	BCF        PCLATH, 4
;__Lib_System.c,141 :: 		
0x0045	0x0080      	MOVWF      INDF
;__Lib_System.c,142 :: 		
0x0046	0x0A84      	INCF       FSR, 1
;__Lib_System.c,143 :: 		
0x0047	0x0AAE      	INCF       ___DoICPAddr, 1
;__Lib_System.c,145 :: 		
0x0048	0x1903      	BTFSC      STATUS, 2
;__Lib_System.c,146 :: 		
0x0049	0x0AAF      	INCF       ___DoICPAddr+1, 1
;__Lib_System.c,147 :: 		
0x004A	0x03F0      	DECF       R0, 1
;__Lib_System.c,149 :: 		
0x004B	0x1D03      	BTFSS      STATUS, 2
;__Lib_System.c,150 :: 		
0x004C	0x2842      	GOTO       _CC2D_Loop1
;__Lib_System.c,152 :: 		
L_end___CC2DW:
0x004D	0x0008      	RETURN
; end of ___CC2DW
_display_time:
;MyProject.c,26 :: 		void display_time (unsigned char West_Time , unsigned char South_Time ){
;MyProject.c,27 :: 		West_Unit = West_Time % 10 ;
0x004E	0x300A      	MOVLW      10
0x004F	0x1283      	BCF        STATUS, 5
0x0050	0x1303      	BCF        STATUS, 6
0x0051	0x00F4      	MOVWF      R4
0x0052	0x0833      	MOVF       FARG_display_time_West_Time, 0
0x0053	0x00F0      	MOVWF      R0
0x0054	0x202A      	CALL       _Div_8X8_U
0x0055	0x0878      	MOVF       R8, 0
0x0056	0x00F0      	MOVWF      R0
0x0057	0x0870      	MOVF       R0, 0
0x0058	0x00B6      	MOVWF      FLOC__display_time+1
0x0059	0x0836      	MOVF       FLOC__display_time+1, 0
0x005A	0x00AD      	MOVWF      _West_Unit
;MyProject.c,28 :: 		West_Ten =  West_Time / 10 ;
0x005B	0x300A      	MOVLW      10
0x005C	0x00F4      	MOVWF      R4
0x005D	0x0833      	MOVF       FARG_display_time_West_Time, 0
0x005E	0x00F0      	MOVWF      R0
0x005F	0x202A      	CALL       _Div_8X8_U
0x0060	0x0870      	MOVF       R0, 0
0x0061	0x00AB      	MOVWF      _West_Ten
;MyProject.c,29 :: 		South_Unit = South_Time % 10 ;
0x0062	0x300A      	MOVLW      10
0x0063	0x00F4      	MOVWF      R4
0x0064	0x0834      	MOVF       FARG_display_time_South_Time, 0
0x0065	0x00F0      	MOVWF      R0
0x0066	0x202A      	CALL       _Div_8X8_U
0x0067	0x0878      	MOVF       R8, 0
0x0068	0x00F0      	MOVWF      R0
0x0069	0x0870      	MOVF       R0, 0
0x006A	0x00B5      	MOVWF      FLOC__display_time
0x006B	0x0835      	MOVF       FLOC__display_time, 0
0x006C	0x00AA      	MOVWF      _South_Unit
;MyProject.c,30 :: 		South_Ten =  South_Time / 10 ;
0x006D	0x300A      	MOVLW      10
0x006E	0x00F4      	MOVWF      R4
0x006F	0x0834      	MOVF       FARG_display_time_South_Time, 0
0x0070	0x00F0      	MOVWF      R0
0x0071	0x202A      	CALL       _Div_8X8_U
0x0072	0x0870      	MOVF       R0, 0
0x0073	0x00AC      	MOVWF      _South_Ten
;MyProject.c,32 :: 		PORTC = 0x05;
0x0074	0x3005      	MOVLW      5
0x0075	0x0087      	MOVWF      PORTC
;MyProject.c,33 :: 		PORTB = West_Unit | (South_Unit << 4);
0x0076	0x0835      	MOVF       FLOC__display_time, 0
0x0077	0x00F0      	MOVWF      R0
0x0078	0x0DF0      	RLF        R0, 1
0x0079	0x1070      	BCF        R0, 0
0x007A	0x0DF0      	RLF        R0, 1
0x007B	0x1070      	BCF        R0, 0
0x007C	0x0DF0      	RLF        R0, 1
0x007D	0x1070      	BCF        R0, 0
0x007E	0x0DF0      	RLF        R0, 1
0x007F	0x1070      	BCF        R0, 0
0x0080	0x0870      	MOVF       R0, 0
0x0081	0x0436      	IORWF      FLOC__display_time+1, 0
0x0082	0x0086      	MOVWF      PORTB
;MyProject.c,34 :: 		Delay_ms(7);
0x0083	0x3013      	MOVLW      19
0x0084	0x00FC      	MOVWF      R12
0x0085	0x302D      	MOVLW      45
0x0086	0x00FD      	MOVWF      R13
L_display_time0:
0x0087	0x0BFD      	DECFSZ     R13, 1
0x0088	0x2887      	GOTO       L_display_time0
0x0089	0x0BFC      	DECFSZ     R12, 1
0x008A	0x2887      	GOTO       L_display_time0
;MyProject.c,35 :: 		PORTC = 0x0A;
0x008B	0x300A      	MOVLW      10
0x008C	0x0087      	MOVWF      PORTC
;MyProject.c,36 :: 		PORTB = West_Ten | (South_Ten << 4);
0x008D	0x082C      	MOVF       _South_Ten, 0
0x008E	0x00F0      	MOVWF      R0
0x008F	0x0DF0      	RLF        R0, 1
0x0090	0x1070      	BCF        R0, 0
0x0091	0x0DF0      	RLF        R0, 1
0x0092	0x1070      	BCF        R0, 0
0x0093	0x0DF0      	RLF        R0, 1
0x0094	0x1070      	BCF        R0, 0
0x0095	0x0DF0      	RLF        R0, 1
0x0096	0x1070      	BCF        R0, 0
0x0097	0x0870      	MOVF       R0, 0
0x0098	0x042B      	IORWF      _West_Ten, 0
0x0099	0x0086      	MOVWF      PORTB
;MyProject.c,37 :: 		Delay_ms(7);
0x009A	0x3013      	MOVLW      19
0x009B	0x00FC      	MOVWF      R12
0x009C	0x302D      	MOVLW      45
0x009D	0x00FD      	MOVWF      R13
L_display_time1:
0x009E	0x0BFD      	DECFSZ     R13, 1
0x009F	0x289E      	GOTO       L_display_time1
0x00A0	0x0BFC      	DECFSZ     R12, 1
0x00A1	0x289E      	GOTO       L_display_time1
;MyProject.c,38 :: 		}
L_end_display_time:
0x00A2	0x0008      	RETURN
; end of _display_time
_main:
0x00A3	0x1283      	BCF        STATUS, 5
0x00A4	0x1303      	BCF        STATUS, 6
0x00A5	0x01A1      	CLRF       _State
0x00A6	0x3018      	MOVLW      24
0x00A7	0x00A2      	MOVWF      _Remaind_time_S
0x00A8	0x01A3      	CLRF       35
0x00A9	0x01A4      	CLRF       _overflow_counter
0x00AA	0x01A5      	CLRF       37
0x00AB	0x3001      	MOVLW      1
0x00AC	0x00A6      	MOVWF      _Enter_State
0x00AD	0x3015      	MOVLW      21
0x00AE	0x00A7      	MOVWF      _Remaind_time_W
0x00AF	0x01A8      	CLRF       40
0x00B0	0x01A9      	CLRF       _Manual
;MyProject.c,56 :: 		void main() {
;MyProject.c,58 :: 		TRISB = 0x00 ; PORTB = 0x00 ;
0x00B1	0x1683      	BSF        STATUS, 5
0x00B2	0x0186      	CLRF       TRISB
0x00B3	0x1283      	BCF        STATUS, 5
0x00B4	0x0186      	CLRF       PORTB
;MyProject.c,59 :: 		TRISC = 0x00 ; PORTC = 0x00 ;
0x00B5	0x1683      	BSF        STATUS, 5
0x00B6	0x0187      	CLRF       TRISC
0x00B7	0x1283      	BCF        STATUS, 5
0x00B8	0x0187      	CLRF       PORTC
;MyProject.c,60 :: 		TRISD = 0xC0 ; PORTD = 0x00 ;
0x00B9	0x30C0      	MOVLW      192
0x00BA	0x1683      	BSF        STATUS, 5
0x00BB	0x0088      	MOVWF      TRISD
0x00BC	0x1283      	BCF        STATUS, 5
0x00BD	0x0188      	CLRF       PORTD
;MyProject.c,61 :: 		GIE_bit = 1  ; second_passed = 1 ;
0x00BE	0x178B      	BSF        GIE_bit, BitPos(GIE_bit+0)
0x00BF	0x3001      	MOVLW      1
0x00C0	0x00B0      	MOVWF      _second_passed
;MyProject.c,62 :: 		OPTION_REG = 0x07; TMR0 = 12;
0x00C1	0x3007      	MOVLW      7
0x00C2	0x1683      	BSF        STATUS, 5
0x00C3	0x0081      	MOVWF      OPTION_REG
0x00C4	0x300C      	MOVLW      12
0x00C5	0x1283      	BCF        STATUS, 5
0x00C6	0x0081      	MOVWF      TMR0
;MyProject.c,63 :: 		TMR0IE_bit = 1 ;
0x00C7	0x168B      	BSF        TMR0IE_bit, BitPos(TMR0IE_bit+0)
;MyProject.c,65 :: 		while(1){
L_main4:
;MyProject.c,66 :: 		if(Mode == 0){
0x00C8	0x1B88      	BTFSC      PORTD, 7
0x00C9	0x28DC      	GOTO       L_main6
;MyProject.c,67 :: 		Delay_ms(20) ;
0x00CA	0x3034      	MOVLW      52
0x00CB	0x00FC      	MOVWF      R12
0x00CC	0x30F1      	MOVLW      241
0x00CD	0x00FD      	MOVWF      R13
L_main7:
0x00CE	0x0BFD      	DECFSZ     R13, 1
0x00CF	0x28CE      	GOTO       L_main7
0x00D0	0x0BFC      	DECFSZ     R12, 1
0x00D1	0x28CE      	GOTO       L_main7
0x00D2	0x0000      	NOP
0x00D3	0x0000      	NOP
;MyProject.c,68 :: 		while(Mode == 0);
L_main8:
0x00D4	0x1B88      	BTFSC      PORTD, 7
0x00D5	0x28D7      	GOTO       L_main9
0x00D6	0x28D4      	GOTO       L_main8
L_main9:
;MyProject.c,69 :: 		Manual = !Manual ;
0x00D7	0x0829      	MOVF       _Manual, 0
0x00D8	0x3001      	MOVLW      1
0x00D9	0x1D03      	BTFSS      STATUS, 2
0x00DA	0x3000      	MOVLW      0
0x00DB	0x00A9      	MOVWF      _Manual
;MyProject.c,70 :: 		}
L_main6:
;MyProject.c,71 :: 		if(Manual){
0x00DC	0x0829      	MOVF       _Manual, 0
0x00DD	0x1903      	BTFSC      STATUS, 2
0x00DE	0x2905      	GOTO       L_main10
;MyProject.c,72 :: 		display_time(Remaind_time_W, Remaind_time_S);
0x00DF	0x0827      	MOVF       _Remaind_time_W, 0
0x00E0	0x00B3      	MOVWF      FARG_display_time_West_Time
0x00E1	0x0822      	MOVF       _Remaind_time_S, 0
0x00E2	0x00B4      	MOVWF      FARG_display_time_South_Time
0x00E3	0x204E      	CALL       _display_time
;MyProject.c,73 :: 		if(PORTD.RB6 == 0 ){
0x00E4	0x1B08      	BTFSC      PORTD, 6
0x00E5	0x2904      	GOTO       L_main11
;MyProject.c,74 :: 		Delay_ms(20) ;
0x00E6	0x3034      	MOVLW      52
0x00E7	0x00FC      	MOVWF      R12
0x00E8	0x30F1      	MOVLW      241
0x00E9	0x00FD      	MOVWF      R13
L_main12:
0x00EA	0x0BFD      	DECFSZ     R13, 1
0x00EB	0x28EA      	GOTO       L_main12
0x00EC	0x0BFC      	DECFSZ     R12, 1
0x00ED	0x28EA      	GOTO       L_main12
0x00EE	0x0000      	NOP
0x00EF	0x0000      	NOP
;MyProject.c,75 :: 		while (PORTD.RB6 == 0) ;
L_main13:
0x00F0	0x1B08      	BTFSC      PORTD, 6
0x00F1	0x28F3      	GOTO       L_main14
0x00F2	0x28F0      	GOTO       L_main13
L_main14:
;MyProject.c,76 :: 		if(State == WEST_GREEN){
0x00F3	0x0821      	MOVF       _State, 0
0x00F4	0x3A00      	XORLW      0
0x00F5	0x1D03      	BTFSS      STATUS, 2
0x00F6	0x28FA      	GOTO       L_main15
;MyProject.c,77 :: 		State = WEST_YELLOW ;
0x00F7	0x3001      	MOVLW      1
0x00F8	0x00A1      	MOVWF      _State
;MyProject.c,78 :: 		}
0x00F9	0x2900      	GOTO       L_main16
L_main15:
;MyProject.c,79 :: 		else if(State == SOUTH_GREEN) {
0x00FA	0x0821      	MOVF       _State, 0
0x00FB	0x3A02      	XORLW      2
0x00FC	0x1D03      	BTFSS      STATUS, 2
0x00FD	0x2900      	GOTO       L_main17
;MyProject.c,80 :: 		State = SOUTH_YELLOW ;
0x00FE	0x3003      	MOVLW      3
0x00FF	0x00A1      	MOVWF      _State
;MyProject.c,81 :: 		}
L_main17:
L_main16:
;MyProject.c,82 :: 		Manual = 0 ;
0x0100	0x01A9      	CLRF       _Manual
;MyProject.c,83 :: 		second_passed = 0 ;
0x0101	0x01B0      	CLRF       _second_passed
;MyProject.c,84 :: 		Enter_State = 1;
0x0102	0x3001      	MOVLW      1
0x0103	0x00A6      	MOVWF      _Enter_State
;MyProject.c,85 :: 		}
L_main11:
;MyProject.c,86 :: 		}
0x0104	0x29AA      	GOTO       L_main18
L_main10:
;MyProject.c,88 :: 		display_time(Remaind_time_W, Remaind_time_S);
0x0105	0x0827      	MOVF       _Remaind_time_W, 0
0x0106	0x00B3      	MOVWF      FARG_display_time_West_Time
0x0107	0x0822      	MOVF       _Remaind_time_S, 0
0x0108	0x00B4      	MOVWF      FARG_display_time_South_Time
0x0109	0x204E      	CALL       _display_time
;MyProject.c,89 :: 		if(second_passed){
0x010A	0x0830      	MOVF       _second_passed, 0
0x010B	0x1903      	BTFSC      STATUS, 2
0x010C	0x29AA      	GOTO       L_main19
;MyProject.c,90 :: 		second_passed = 0 ;
0x010D	0x01B0      	CLRF       _second_passed
;MyProject.c,92 :: 		switch(State){
0x010E	0x299A      	GOTO       L_main20
;MyProject.c,94 :: 		case WEST_GREEN: // West Green  South Red
L_main22:
;MyProject.c,96 :: 		if (Enter_State){
0x010F	0x0826      	MOVF       _Enter_State, 0
0x0110	0x1903      	BTFSC      STATUS, 2
0x0111	0x291B      	GOTO       L_main23
;MyProject.c,97 :: 		Remaind_time_W = WEST_GREEN_T ;
0x0112	0x3015      	MOVLW      21
0x0113	0x00A7      	MOVWF      _Remaind_time_W
0x0114	0x3000      	MOVLW      0
0x0115	0x00A8      	MOVWF      _Remaind_time_W+1
;MyProject.c,98 :: 		Remaind_time_S = SOUTH_RED_T  ;
0x0116	0x3018      	MOVLW      24
0x0117	0x00A2      	MOVWF      _Remaind_time_S
0x0118	0x3000      	MOVLW      0
0x0119	0x00A3      	MOVWF      _Remaind_time_S+1
;MyProject.c,99 :: 		Enter_State = 0 ;
0x011A	0x01A6      	CLRF       _Enter_State
;MyProject.c,100 :: 		}
L_main23:
;MyProject.c,102 :: 		PORTD = 0b00001100 ;
0x011B	0x300C      	MOVLW      12
0x011C	0x0088      	MOVWF      PORTD
;MyProject.c,103 :: 		Remaind_time_W -- ;
0x011D	0x3001      	MOVLW      1
0x011E	0x02A7      	SUBWF      _Remaind_time_W, 1
0x011F	0x1C03      	BTFSS      STATUS, 0
0x0120	0x03A8      	DECF       _Remaind_time_W+1, 1
;MyProject.c,104 :: 		Remaind_time_S -- ;
0x0121	0x3001      	MOVLW      1
0x0122	0x02A2      	SUBWF      _Remaind_time_S, 1
0x0123	0x1C03      	BTFSS      STATUS, 0
0x0124	0x03A3      	DECF       _Remaind_time_S+1, 1
;MyProject.c,106 :: 		if(Remaind_time_W == 0){
0x0125	0x3000      	MOVLW      0
0x0126	0x0628      	XORWF      _Remaind_time_W+1, 0
0x0127	0x1D03      	BTFSS      STATUS, 2
0x0128	0x292B      	GOTO       L__main39
0x0129	0x3000      	MOVLW      0
0x012A	0x0627      	XORWF      _Remaind_time_W, 0
L__main39:
0x012B	0x1D03      	BTFSS      STATUS, 2
0x012C	0x2931      	GOTO       L_main24
;MyProject.c,107 :: 		State = WEST_YELLOW ;
0x012D	0x3001      	MOVLW      1
0x012E	0x00A1      	MOVWF      _State
;MyProject.c,108 :: 		Enter_State = 1 ;
0x012F	0x3001      	MOVLW      1
0x0130	0x00A6      	MOVWF      _Enter_State
;MyProject.c,109 :: 		}
L_main24:
;MyProject.c,110 :: 		break;
0x0131	0x29AA      	GOTO       L_main21
;MyProject.c,112 :: 		case WEST_YELLOW: // West Yellow  South Red
L_main25:
;MyProject.c,114 :: 		if (Enter_State){
0x0132	0x0826      	MOVF       _Enter_State, 0
0x0133	0x1903      	BTFSC      STATUS, 2
0x0134	0x293E      	GOTO       L_main26
;MyProject.c,115 :: 		Remaind_time_W = WEST_YELLOW_T  ;
0x0135	0x3004      	MOVLW      4
0x0136	0x00A7      	MOVWF      _Remaind_time_W
0x0137	0x3000      	MOVLW      0
0x0138	0x00A8      	MOVWF      _Remaind_time_W+1
;MyProject.c,116 :: 		Remaind_time_S = SOUTH_YELLOW_T ;
0x0139	0x3004      	MOVLW      4
0x013A	0x00A2      	MOVWF      _Remaind_time_S
0x013B	0x3000      	MOVLW      0
0x013C	0x00A3      	MOVWF      _Remaind_time_S+1
;MyProject.c,117 :: 		Enter_State = 0 ;
0x013D	0x01A6      	CLRF       _Enter_State
;MyProject.c,118 :: 		}
L_main26:
;MyProject.c,120 :: 		PORTD = 0b00001010 ;
0x013E	0x300A      	MOVLW      10
0x013F	0x0088      	MOVWF      PORTD
;MyProject.c,121 :: 		Remaind_time_W -- ;
0x0140	0x3001      	MOVLW      1
0x0141	0x02A7      	SUBWF      _Remaind_time_W, 1
0x0142	0x1C03      	BTFSS      STATUS, 0
0x0143	0x03A8      	DECF       _Remaind_time_W+1, 1
;MyProject.c,122 :: 		Remaind_time_S -- ;
0x0144	0x3001      	MOVLW      1
0x0145	0x02A2      	SUBWF      _Remaind_time_S, 1
0x0146	0x1C03      	BTFSS      STATUS, 0
0x0147	0x03A3      	DECF       _Remaind_time_S+1, 1
;MyProject.c,124 :: 		if(Remaind_time_W == 0){
0x0148	0x3000      	MOVLW      0
0x0149	0x0628      	XORWF      _Remaind_time_W+1, 0
0x014A	0x1D03      	BTFSS      STATUS, 2
0x014B	0x294E      	GOTO       L__main40
0x014C	0x3000      	MOVLW      0
0x014D	0x0627      	XORWF      _Remaind_time_W, 0
L__main40:
0x014E	0x1D03      	BTFSS      STATUS, 2
0x014F	0x2954      	GOTO       L_main27
;MyProject.c,125 :: 		State = SOUTH_GREEN ;
0x0150	0x3002      	MOVLW      2
0x0151	0x00A1      	MOVWF      _State
;MyProject.c,126 :: 		Enter_State = 1 ;
0x0152	0x3001      	MOVLW      1
0x0153	0x00A6      	MOVWF      _Enter_State
;MyProject.c,127 :: 		}
L_main27:
;MyProject.c,128 :: 		break;
0x0154	0x29AA      	GOTO       L_main21
;MyProject.c,130 :: 		case SOUTH_GREEN: // West  Red  South Green
L_main28:
;MyProject.c,132 :: 		if (Enter_State){
0x0155	0x0826      	MOVF       _Enter_State, 0
0x0156	0x1903      	BTFSC      STATUS, 2
0x0157	0x2961      	GOTO       L_main29
;MyProject.c,133 :: 		Remaind_time_W = WEST_RED_T ;
0x0158	0x3010      	MOVLW      16
0x0159	0x00A7      	MOVWF      _Remaind_time_W
0x015A	0x3000      	MOVLW      0
0x015B	0x00A8      	MOVWF      _Remaind_time_W+1
;MyProject.c,134 :: 		Remaind_time_S = SOUTH_GREEN_T ;
0x015C	0x300D      	MOVLW      13
0x015D	0x00A2      	MOVWF      _Remaind_time_S
0x015E	0x3000      	MOVLW      0
0x015F	0x00A3      	MOVWF      _Remaind_time_S+1
;MyProject.c,135 :: 		Enter_State = 0 ;
0x0160	0x01A6      	CLRF       _Enter_State
;MyProject.c,137 :: 		}
L_main29:
;MyProject.c,139 :: 		PORTD = 0b00100001 ;
0x0161	0x3021      	MOVLW      33
0x0162	0x0088      	MOVWF      PORTD
;MyProject.c,140 :: 		Remaind_time_W -- ;
0x0163	0x3001      	MOVLW      1
0x0164	0x02A7      	SUBWF      _Remaind_time_W, 1
0x0165	0x1C03      	BTFSS      STATUS, 0
0x0166	0x03A8      	DECF       _Remaind_time_W+1, 1
;MyProject.c,141 :: 		Remaind_time_S -- ;
0x0167	0x3001      	MOVLW      1
0x0168	0x02A2      	SUBWF      _Remaind_time_S, 1
0x0169	0x1C03      	BTFSS      STATUS, 0
0x016A	0x03A3      	DECF       _Remaind_time_S+1, 1
;MyProject.c,143 :: 		if(Remaind_time_S == 0){
0x016B	0x3000      	MOVLW      0
0x016C	0x0623      	XORWF      _Remaind_time_S+1, 0
0x016D	0x1D03      	BTFSS      STATUS, 2
0x016E	0x2971      	GOTO       L__main41
0x016F	0x3000      	MOVLW      0
0x0170	0x0622      	XORWF      _Remaind_time_S, 0
L__main41:
0x0171	0x1D03      	BTFSS      STATUS, 2
0x0172	0x2977      	GOTO       L_main30
;MyProject.c,144 :: 		State = SOUTH_YELLOW ;
0x0173	0x3003      	MOVLW      3
0x0174	0x00A1      	MOVWF      _State
;MyProject.c,145 :: 		Enter_State = 1 ;
0x0175	0x3001      	MOVLW      1
0x0176	0x00A6      	MOVWF      _Enter_State
;MyProject.c,146 :: 		}
L_main30:
;MyProject.c,147 :: 		break;
0x0177	0x29AA      	GOTO       L_main21
;MyProject.c,149 :: 		case SOUTH_YELLOW: // West Red  South Yellow
L_main31:
;MyProject.c,150 :: 		if (Enter_State){
0x0178	0x0826      	MOVF       _Enter_State, 0
0x0179	0x1903      	BTFSC      STATUS, 2
0x017A	0x2984      	GOTO       L_main32
;MyProject.c,151 :: 		Remaind_time_W = WEST_YELLOW_T  ;
0x017B	0x3004      	MOVLW      4
0x017C	0x00A7      	MOVWF      _Remaind_time_W
0x017D	0x3000      	MOVLW      0
0x017E	0x00A8      	MOVWF      _Remaind_time_W+1
;MyProject.c,152 :: 		Remaind_time_S = SOUTH_YELLOW_T  ;
0x017F	0x3004      	MOVLW      4
0x0180	0x00A2      	MOVWF      _Remaind_time_S
0x0181	0x3000      	MOVLW      0
0x0182	0x00A3      	MOVWF      _Remaind_time_S+1
;MyProject.c,153 :: 		Enter_State = 0 ;
0x0183	0x01A6      	CLRF       _Enter_State
;MyProject.c,154 :: 		}
L_main32:
;MyProject.c,156 :: 		PORTD = 0b00010001 ;
0x0184	0x3011      	MOVLW      17
0x0185	0x0088      	MOVWF      PORTD
;MyProject.c,157 :: 		Remaind_time_W -- ;
0x0186	0x3001      	MOVLW      1
0x0187	0x02A7      	SUBWF      _Remaind_time_W, 1
0x0188	0x1C03      	BTFSS      STATUS, 0
0x0189	0x03A8      	DECF       _Remaind_time_W+1, 1
;MyProject.c,158 :: 		Remaind_time_S -- ;
0x018A	0x3001      	MOVLW      1
0x018B	0x02A2      	SUBWF      _Remaind_time_S, 1
0x018C	0x1C03      	BTFSS      STATUS, 0
0x018D	0x03A3      	DECF       _Remaind_time_S+1, 1
;MyProject.c,160 :: 		if(Remaind_time_W == 0){
0x018E	0x3000      	MOVLW      0
0x018F	0x0628      	XORWF      _Remaind_time_W+1, 0
0x0190	0x1D03      	BTFSS      STATUS, 2
0x0191	0x2994      	GOTO       L__main42
0x0192	0x3000      	MOVLW      0
0x0193	0x0627      	XORWF      _Remaind_time_W, 0
L__main42:
0x0194	0x1D03      	BTFSS      STATUS, 2
0x0195	0x2999      	GOTO       L_main33
;MyProject.c,161 :: 		State = WEST_GREEN ;
0x0196	0x01A1      	CLRF       _State
;MyProject.c,162 :: 		Enter_State = 1 ;
0x0197	0x3001      	MOVLW      1
0x0198	0x00A6      	MOVWF      _Enter_State
;MyProject.c,163 :: 		}
L_main33:
;MyProject.c,164 :: 		break;
0x0199	0x29AA      	GOTO       L_main21
;MyProject.c,165 :: 		}
L_main20:
0x019A	0x0821      	MOVF       _State, 0
0x019B	0x3A00      	XORLW      0
0x019C	0x1903      	BTFSC      STATUS, 2
0x019D	0x290F      	GOTO       L_main22
0x019E	0x0821      	MOVF       _State, 0
0x019F	0x3A01      	XORLW      1
0x01A0	0x1903      	BTFSC      STATUS, 2
0x01A1	0x2932      	GOTO       L_main25
0x01A2	0x0821      	MOVF       _State, 0
0x01A3	0x3A02      	XORLW      2
0x01A4	0x1903      	BTFSC      STATUS, 2
0x01A5	0x2955      	GOTO       L_main28
0x01A6	0x0821      	MOVF       _State, 0
0x01A7	0x3A03      	XORLW      3
0x01A8	0x1903      	BTFSC      STATUS, 2
0x01A9	0x2978      	GOTO       L_main31
L_main21:
;MyProject.c,166 :: 		}
L_main19:
;MyProject.c,167 :: 		}
L_main18:
;MyProject.c,168 :: 		}
0x01AA	0x28C8      	GOTO       L_main4
;MyProject.c,169 :: 		}
L_end_main:
0x01AB	0x29AB      	GOTO       $+0
; end of _main
Symbol List:
//** Routines locations **
//ADDRESS    SIZE    PROCEDURE
//----------------------------------------------
0x0004      [38]    _interrupt
0x002A      [17]    _Div_8X8_U
0x003B       [7]    _____DoICP
0x0042      [12]    ___CC2DW
0x004E      [85]    _display_time
0x00A3     [265]    _main
//** Variables locations ** 
//ADDRESS    SIZE    VARIABLE
//----------------------------------------------
0x0000       [1]    INDF
0x0001       [1]    TMR0
0x0002       [1]    PCL
0x0003       [1]    STATUS
0x0004       [1]    FSR
0x0006       [1]    PORTB
0x0007       [1]    PORTC
0x0008       [1]    PORTD
0x000A       [1]    PCLATH
0x000B       [0]    GIE_bit
0x000B       [0]    TMR0IF_bit
0x000B       [0]    TMR0IE_bit
0x0021       [1]    _State
0x0022       [2]    _Remaind_time_S
0x0024       [2]    _overflow_counter
0x0026       [1]    _Enter_State
0x0027       [2]    _Remaind_time_W
0x0029       [1]    _Manual
0x002A       [1]    _South_Unit
0x002B       [1]    _West_Ten
0x002C       [1]    _South_Ten
0x002D       [1]    _West_Unit
0x002E       [2]    ___DoICPAddr
0x0030       [1]    _second_passed
0x0031       [1]    ___savePCLATH
0x0032       [1]    ___saveSTATUS
0x0033       [1]    FARG_display_time_West_Time
0x0034       [1]    FARG_display_time_South_Time
0x0035       [2]    FLOC__display_time
0x0070       [1]    R0
0x0071       [1]    R1
0x0072       [1]    R2
0x0073       [1]    R3
0x0074       [1]    R4
0x0075       [1]    R5
0x0076       [1]    R6
0x0077       [1]    R7
0x0078       [1]    R8
0x0079       [1]    R9
0x007A       [1]    R10
0x007B       [1]    R11
0x007C       [1]    R12
0x007D       [1]    R13
0x007E       [1]    R14
0x007F       [1]    R15
0x0081       [1]    OPTION_REG
0x0086       [1]    TRISB
0x0087       [1]    TRISC
0x0088       [1]    TRISD
//** Label List: ** 
//----------------------------------------------
  L_display_time0
  L_display_time1
  L_interrupt2
  L_interrupt3
  L_main4
  L_main5
  L_main6
  L_main7
  L_main8
  L_main9
  L_main10
  L_main11
  L_main12
  L_main13
  L_main14
  L_main15
  L_main16
  L_main17
  L_main18
  L_main19
  L_main20
  L_main21
  L_main22
  L_main23
  L_main24
  L_main25
  L_main26
  L_main27
  L_main28
  L_main29
  L_main30
  L_main31
  L_main32
  L_main33
  L_end_display_time
  _display_time
  L_end_interrupt
  _interrupt
  L__interrupt36
  L__interrupt37
  L_end_main
  _main
  L__main39
  L__main40
  L__main41
  L__main42
  L_Div_16x16_S0
  L_Div_16x16_S1
  LOOPS3232A
  SADD22LA
  SOK22LA
  SADD22L8
  SOK22L8
  LOOPS3232B
  SADD22LB
  SOK22LB
  SADD22L16
  SOK22L16
  LOOPS3232C
  SADD22LC
  SOK22LC
  SADD22L24
  SOK22L24
  LOOPS3232D
  SADD22LD
  SOK22LD
  SOK22L
  L_Div_32x32_S6
  L_Div_32x32_S7
  L_Div_32x32_S8
  L_Div_32x32_S9
  FXD3232S
  END_ALL
  CA3232S
  C3232SX
  C3232SX1
  C3232S
  C3232S2
  C3232SX4
  C3232SOK
  C3232SX3
  C3232SX2
  avoid_comfrem
  LOOPU3232A
  UADD22LA
  UOK22LA
  UADD22L8
  UOK22L8
  LOOPU3232B
  UADD22LB
  UOK22LB
  UADD22L16
  UOK22L16
  LOOPU3232C
  UADD22LC
  UOK22LC
  UADD22L24
  UOK22L24
  LOOPU3232D
  UADD22LD
  UOK22LD
  UOK22L
  _NEXT
  _EXIT2
  _LOOP
  _EXIT1
  _IF_FIRST
  _IF_SECOND
  _INVERCE_FIRST
  _MULT
  _INBERSE_SECOND
  _EXIT
  L_end_Mul_8X8_U
  _Mul_8X8_U
  L_end_Mul_16X16_U
  _Mul_16X16_U
  L_end_Div_8X8_U
  _Div_8X8_U
  L_end_Div_16X16_U
  _Div_16X16_U
  L_end_Mul_8X8_S
  _Mul_8X8_S
  L_end_Mul_16X16_S
  _Mul_16X16_S
  L_end_Div_16x16_S_L
  _Div_16x16_S_L
  L_end_Div_16x16_S
  _Div_16x16_S
  L_end_Div_8X8_S
  _Div_8X8_S
  L_end_SDIV3232L
  _SDIV3232L
  L_end_COMFREM
  _COMFREM
  L_end_Div_32x32_S
  _Div_32x32_S
  L_end_Div_32x32_U
  _Div_32x32_U
  L_end_Mul_32x32_U
  _Mul_32x32_U
  L_end_Mul_32x32_S
  _Mul_32x32_S
  L_loopCA2AWs
  L_CA2AWend
  _CCA2AW_Loop1
  L_loopCS2Ss
  L_CS2Send
  _CCS2S_Loop1
  L_CCS2Send
  L_loopFZinSWs
  L_FZinSend
  _CC2D_Loop1
  L_end_____DoICP
  _____DoICP
  L_end_____DoIFC
  _____DoIFC
  L_end___CA2AW
  ___CA2AW
  L_end___CCA2AW
  ___CCA2AW
  L_end___CS2S
  ___CS2S
  L_end___CCS2S
  ___CCS2S
  L_end___FZinS
  ___FZinS
  L_end___CC2DW
  ___CC2DW
  L_end_Swap
  _Swap
  L_display_time0
  L_display_time1
  L_interrupt2
  L_interrupt3
  L_main4
  L_main5
  L_main6
  L_main7
  L_main8
  L_main9
  L_main10
  L_main11
  L_main12
  L_main13
  L_main14
  L_main15
  L_main16
  L_main17
  L_main18
  L_main19
  L_main20
  L_main21
  L_main22
  L_main23
  L_main24
  L_main25
  L_main26
  L_main27
  L_main28
  L_main29
  L_main30
  L_main31
  L_main32
  L_main33
  L_end_display_time
  _display_time
  L_end_interrupt
  _interrupt
  L__interrupt36
  L__interrupt37
  L_end_main
  _main
  L__main39
  L__main40
  L__main41
  L__main42
